Archive member included to satisfy reference by file (symbol)

d:/programfiles(x86)/nxp/lpcxpresso_8.2.2_650/lpcxpresso/tools/bin/../lib/gcc/arm-none-eabi/5.4.1/../../../../arm-none-eabi/lib/armv7-m\libcr_c.a(memcpy.o)
                              ./src/board.o (memcpy)
d:/programfiles(x86)/nxp/lpcxpresso_8.2.2_650/lpcxpresso/tools/bin/../lib/gcc/arm-none-eabi/5.4.1/../../../../arm-none-eabi/lib/armv7-m\libcr_c.a(__weak__main.o)
                              ./src/cr_startup_lpc175x_6x.o (__main)
d:/programfiles(x86)/nxp/lpcxpresso_8.2.2_650/lpcxpresso/tools/bin/../lib/gcc/arm-none-eabi/5.4.1/armv7-m\libcr_eabihelpers.a(memcpy.o)
                              d:/programfiles(x86)/nxp/lpcxpresso_8.2.2_650/lpcxpresso/tools/bin/../lib/gcc/arm-none-eabi/5.4.1/../../../../arm-none-eabi/lib/armv7-m\libcr_c.a(memcpy.o) (__aeabi_memcpy)

Discarded input sections

 .group         0x00000000        0x8 ./src/board.o
 .group         0x00000000        0x8 ./src/board.o
 .group         0x00000000        0x8 ./src/board.o
 .group         0x00000000        0x8 ./src/board.o
 .group         0x00000000        0x8 ./src/board.o
 .group         0x00000000        0x8 ./src/board.o
 .group         0x00000000        0x8 ./src/board.o
 .group         0x00000000        0x8 ./src/board.o
 .group         0x00000000        0x8 ./src/board.o
 .group         0x00000000        0x8 ./src/board.o
 .group         0x00000000        0x8 ./src/board.o
 .group         0x00000000        0x8 ./src/board.o
 .group         0x00000000        0x8 ./src/board.o
 .group         0x00000000        0x8 ./src/board.o
 .group         0x00000000        0x8 ./src/board.o
 .group         0x00000000        0x8 ./src/board.o
 .group         0x00000000        0x8 ./src/board.o
 .group         0x00000000        0x8 ./src/board.o
 .group         0x00000000        0x8 ./src/board.o
 .group         0x00000000        0x8 ./src/board.o
 .group         0x00000000        0x8 ./src/board.o
 .group         0x00000000        0x8 ./src/board.o
 .group         0x00000000        0x8 ./src/board.o
 .group         0x00000000        0x8 ./src/board.o
 .group         0x00000000        0x8 ./src/board.o
 .group         0x00000000        0x8 ./src/board.o
 .group         0x00000000        0x8 ./src/board.o
 .group         0x00000000        0x8 ./src/board.o
 .group         0x00000000        0x8 ./src/board.o
 .group         0x00000000        0x8 ./src/board.o
 .group         0x00000000        0x8 ./src/board.o
 .group         0x00000000        0x8 ./src/board.o
 .group         0x00000000        0x8 ./src/board.o
 .group         0x00000000        0x8 ./src/board.o
 .group         0x00000000        0x8 ./src/board.o
 .group         0x00000000        0x8 ./src/board.o
 .group         0x00000000        0x8 ./src/board.o
 .group         0x00000000        0x8 ./src/board.o
 .group         0x00000000        0x8 ./src/board.o
 .group         0x00000000        0x8 ./src/board.o
 .text          0x00000000        0x0 ./src/board.o
 .data          0x00000000        0x0 ./src/board.o
 .bss           0x00000000        0x0 ./src/board.o
 .text.Chip_IOCON_Init
                0x00000000       0x18 ./src/board.o
 .text.Chip_IOCON_EnableOD
                0x00000000       0x38 ./src/board.o
 .text.Chip_IOCON_SetI2CPad
                0x00000000       0x1c ./src/board.o
 .text.Chip_GPIO_Init
                0x00000000       0x18 ./src/board.o
 .text.Chip_GPIO_SetPinState
                0x00000000       0x68 ./src/board.o
 .text.Chip_GPIO_WritePortBit
                0x00000000       0x2c ./src/board.o
 .text.Chip_GPIO_GetPinState
                0x00000000       0x38 ./src/board.o
 .text.Chip_GPIO_ReadPortBit
                0x00000000       0x28 ./src/board.o
 .text.Chip_GPIO_SetPinDIROutput
                0x00000000       0x38 ./src/board.o
 .text.Chip_GPIO_SetPinDIRInput
                0x00000000       0x3c ./src/board.o
 .text.Chip_GPIO_SetPinDIR
                0x00000000       0x44 ./src/board.o
 .text.Chip_GPIO_WriteDirBit
                0x00000000       0x30 ./src/board.o
 .text.Chip_UART_SendByte
                0x00000000       0x1c ./src/board.o
 .text.Chip_UART_ReadByte
                0x00000000       0x18 ./src/board.o
 .text.Chip_UART_ConfigData
                0x00000000       0x1c ./src/board.o
 .text.Chip_UART_ReadLineStatus
                0x00000000       0x18 ./src/board.o
 .text.__sys_write
                0x00000000       0x38 ./src/board.o
 .text.__sys_readc
                0x00000000       0x18 ./src/board.o
 .rodata.OscRateIn
                0x00000000        0x4 ./src/board.o
 .rodata.RTCOscRateIn
                0x00000000        0x4 ./src/board.o
 .text.Board_LED_Init
                0x00000000       0x18 ./src/board.o
 .text.Board_UART_Init
                0x00000000       0x14 ./src/board.o
 .text.Board_Debug_Init
                0x00000000       0x30 ./src/board.o
 .text.Board_UARTPutChar
                0x00000000       0x34 ./src/board.o
 .text.Board_UARTGetChar
                0x00000000       0x2c ./src/board.o
 .text.Board_UARTPutSTR
                0x00000000       0x28 ./src/board.o
 .text.Board_LED_Set
                0x00000000       0x30 ./src/board.o
 .text.Board_LED_Test
                0x00000000       0x30 ./src/board.o
 .text.Board_LED_Toggle
                0x00000000       0x44 ./src/board.o
 .text.Board_Init
                0x00000000       0x24 ./src/board.o
 .rodata        0x00000000        0x6 ./src/board.o
 .text.Board_ENET_GetMacADDR
                0x00000000       0x30 ./src/board.o
 .text.Board_SSP_Init
                0x00000000       0xa4 ./src/board.o
 .text.Board_SPI_Init
                0x00000000       0x84 ./src/board.o
 .text.Board_SPI_AssertSSEL
                0x00000000       0x18 ./src/board.o
 .text.Board_SPI_DeassertSSEL
                0x00000000       0x18 ./src/board.o
 .text.Board_Audio_Init
                0x00000000       0x34 ./src/board.o
 .text.Board_I2C_Init
                0x00000000       0xbc ./src/board.o
 .text.Board_Buttons_Init
                0x00000000       0x18 ./src/board.o
 .text.Buttons_GetStatus
                0x00000000       0x38 ./src/board.o
 .rodata.portButton
                0x00000000        0x5 ./src/board.o
 .rodata.pinButton
                0x00000000        0x5 ./src/board.o
 .rodata.stateButton
                0x00000000        0x5 ./src/board.o
 .text.Board_Joystick_Init
                0x00000000       0x44 ./src/board.o
 .text.Joystick_GetStatus
                0x00000000       0x64 ./src/board.o
 .text.Serial_CreateStream
                0x00000000       0x14 ./src/board.o
 .text.Board_USBD_Init
                0x00000000       0x50 ./src/board.o
 .debug_info    0x00000000     0x13d3 ./src/board.o
 .debug_abbrev  0x00000000      0x379 ./src/board.o
 .debug_aranges
                0x00000000      0x160 ./src/board.o
 .debug_ranges  0x00000000      0x150 ./src/board.o
 .debug_macro   0x00000000      0x289 ./src/board.o
 .debug_macro   0x00000000      0x886 ./src/board.o
 .debug_macro   0x00000000       0x10 ./src/board.o
 .debug_macro   0x00000000      0x12d ./src/board.o
 .debug_macro   0x00000000      0x5b2 ./src/board.o
 .debug_macro   0x00000000       0x22 ./src/board.o
 .debug_macro   0x00000000       0x7b ./src/board.o
 .debug_macro   0x00000000       0x10 ./src/board.o
 .debug_macro   0x00000000       0x2d ./src/board.o
 .debug_macro   0x00000000       0x3a ./src/board.o
 .debug_macro   0x00000000       0x2d ./src/board.o
 .debug_macro   0x00000000      0xbb1 ./src/board.o
 .debug_macro   0x00000000      0x22c ./src/board.o
 .debug_macro   0x00000000       0x42 ./src/board.o
 .debug_macro   0x00000000       0x52 ./src/board.o
 .debug_macro   0x00000000       0x78 ./src/board.o
 .debug_macro   0x00000000       0x82 ./src/board.o
 .debug_macro   0x00000000      0x48c ./src/board.o
 .debug_macro   0x00000000       0x34 ./src/board.o
 .debug_macro   0x00000000      0x4c5 ./src/board.o
 .debug_macro   0x00000000      0x1b7 ./src/board.o
 .debug_macro   0x00000000       0x10 ./src/board.o
 .debug_macro   0x00000000      0x21b ./src/board.o
 .debug_macro   0x00000000      0x1b9 ./src/board.o
 .debug_macro   0x00000000       0x40 ./src/board.o
 .debug_macro   0x00000000       0x22 ./src/board.o
 .debug_macro   0x00000000      0x162 ./src/board.o
 .debug_macro   0x00000000       0x94 ./src/board.o
 .debug_macro   0x00000000       0xb8 ./src/board.o
 .debug_macro   0x00000000       0x4c ./src/board.o
 .debug_macro   0x00000000       0x16 ./src/board.o
 .debug_macro   0x00000000      0x328 ./src/board.o
 .debug_macro   0x00000000       0x49 ./src/board.o
 .debug_macro   0x00000000       0x16 ./src/board.o
 .debug_macro   0x00000000       0xca ./src/board.o
 .debug_macro   0x00000000       0x18 ./src/board.o
 .debug_macro   0x00000000       0x70 ./src/board.o
 .debug_macro   0x00000000       0x9a ./src/board.o
 .debug_macro   0x00000000       0x20 ./src/board.o
 .debug_macro   0x00000000       0x28 ./src/board.o
 .debug_macro   0x00000000       0x12 ./src/board.o
 .debug_line    0x00000000      0x848 ./src/board.o
 .debug_str     0x00000000    0x1191d ./src/board.o
 .comment       0x00000000       0x6f ./src/board.o
 .debug_frame   0x00000000      0x5d4 ./src/board.o
 .ARM.attributes
                0x00000000       0x33 ./src/board.o
 .group         0x00000000        0x8 ./src/board_sysinit.o
 .group         0x00000000        0x8 ./src/board_sysinit.o
 .group         0x00000000        0x8 ./src/board_sysinit.o
 .group         0x00000000        0x8 ./src/board_sysinit.o
 .group         0x00000000        0x8 ./src/board_sysinit.o
 .group         0x00000000        0x8 ./src/board_sysinit.o
 .group         0x00000000        0x8 ./src/board_sysinit.o
 .group         0x00000000        0x8 ./src/board_sysinit.o
 .group         0x00000000        0x8 ./src/board_sysinit.o
 .group         0x00000000        0x8 ./src/board_sysinit.o
 .group         0x00000000        0x8 ./src/board_sysinit.o
 .group         0x00000000        0x8 ./src/board_sysinit.o
 .group         0x00000000        0x8 ./src/board_sysinit.o
 .group         0x00000000        0x8 ./src/board_sysinit.o
 .group         0x00000000        0x8 ./src/board_sysinit.o
 .group         0x00000000        0x8 ./src/board_sysinit.o
 .group         0x00000000        0x8 ./src/board_sysinit.o
 .group         0x00000000        0x8 ./src/board_sysinit.o
 .group         0x00000000        0x8 ./src/board_sysinit.o
 .group         0x00000000        0x8 ./src/board_sysinit.o
 .group         0x00000000        0x8 ./src/board_sysinit.o
 .group         0x00000000        0x8 ./src/board_sysinit.o
 .group         0x00000000        0x8 ./src/board_sysinit.o
 .group         0x00000000        0x8 ./src/board_sysinit.o
 .group         0x00000000        0x8 ./src/board_sysinit.o
 .group         0x00000000        0x8 ./src/board_sysinit.o
 .group         0x00000000        0x8 ./src/board_sysinit.o
 .group         0x00000000        0x8 ./src/board_sysinit.o
 .group         0x00000000        0x8 ./src/board_sysinit.o
 .group         0x00000000        0x8 ./src/board_sysinit.o
 .group         0x00000000        0x8 ./src/board_sysinit.o
 .group         0x00000000        0x8 ./src/board_sysinit.o
 .group         0x00000000        0x8 ./src/board_sysinit.o
 .group         0x00000000        0x8 ./src/board_sysinit.o
 .group         0x00000000        0x8 ./src/board_sysinit.o
 .group         0x00000000        0x8 ./src/board_sysinit.o
 .group         0x00000000        0x8 ./src/board_sysinit.o
 .group         0x00000000        0x8 ./src/board_sysinit.o
 .group         0x00000000        0x8 ./src/board_sysinit.o
 .text          0x00000000        0x0 ./src/board_sysinit.o
 .data          0x00000000        0x0 ./src/board_sysinit.o
 .bss           0x00000000        0x0 ./src/board_sysinit.o
 .text.Chip_SYSCTL_SetFLASHAccess
                0x00000000       0x30 ./src/board_sysinit.o
 .rodata.pinmuxing
                0x00000000       0x5c ./src/board_sysinit.o
 .text.Board_SetupMuxing
                0x00000000       0x1c ./src/board_sysinit.o
 .text.Board_SetupClocking
                0x00000000       0x14 ./src/board_sysinit.o
 .text.Board_SystemInit
                0x00000000       0x10 ./src/board_sysinit.o
 .debug_info    0x00000000      0x591 ./src/board_sysinit.o
 .debug_abbrev  0x00000000      0x15c ./src/board_sysinit.o
 .debug_aranges
                0x00000000       0x38 ./src/board_sysinit.o
 .debug_ranges  0x00000000       0x28 ./src/board_sysinit.o
 .debug_macro   0x00000000      0x217 ./src/board_sysinit.o
 .debug_macro   0x00000000      0x886 ./src/board_sysinit.o
 .debug_macro   0x00000000       0x10 ./src/board_sysinit.o
 .debug_macro   0x00000000      0x12d ./src/board_sysinit.o
 .debug_macro   0x00000000      0x5b2 ./src/board_sysinit.o
 .debug_macro   0x00000000       0x22 ./src/board_sysinit.o
 .debug_macro   0x00000000       0x7b ./src/board_sysinit.o
 .debug_macro   0x00000000       0x10 ./src/board_sysinit.o
 .debug_macro   0x00000000       0x2d ./src/board_sysinit.o
 .debug_macro   0x00000000       0x3a ./src/board_sysinit.o
 .debug_macro   0x00000000       0x2d ./src/board_sysinit.o
 .debug_macro   0x00000000      0xbb1 ./src/board_sysinit.o
 .debug_macro   0x00000000      0x22c ./src/board_sysinit.o
 .debug_macro   0x00000000       0x42 ./src/board_sysinit.o
 .debug_macro   0x00000000       0x52 ./src/board_sysinit.o
 .debug_macro   0x00000000       0x78 ./src/board_sysinit.o
 .debug_macro   0x00000000       0x82 ./src/board_sysinit.o
 .debug_macro   0x00000000      0x48c ./src/board_sysinit.o
 .debug_macro   0x00000000       0x34 ./src/board_sysinit.o
 .debug_macro   0x00000000      0x4c5 ./src/board_sysinit.o
 .debug_macro   0x00000000      0x1b7 ./src/board_sysinit.o
 .debug_macro   0x00000000       0x10 ./src/board_sysinit.o
 .debug_macro   0x00000000      0x21b ./src/board_sysinit.o
 .debug_macro   0x00000000      0x1b9 ./src/board_sysinit.o
 .debug_macro   0x00000000       0x40 ./src/board_sysinit.o
 .debug_macro   0x00000000       0x22 ./src/board_sysinit.o
 .debug_macro   0x00000000      0x162 ./src/board_sysinit.o
 .debug_macro   0x00000000       0x94 ./src/board_sysinit.o
 .debug_macro   0x00000000       0xb8 ./src/board_sysinit.o
 .debug_macro   0x00000000       0x4c ./src/board_sysinit.o
 .debug_macro   0x00000000       0x16 ./src/board_sysinit.o
 .debug_macro   0x00000000      0x328 ./src/board_sysinit.o
 .debug_macro   0x00000000       0x49 ./src/board_sysinit.o
 .debug_macro   0x00000000       0x16 ./src/board_sysinit.o
 .debug_macro   0x00000000       0xca ./src/board_sysinit.o
 .debug_macro   0x00000000       0x18 ./src/board_sysinit.o
 .debug_macro   0x00000000       0x70 ./src/board_sysinit.o
 .debug_macro   0x00000000       0x9a ./src/board_sysinit.o
 .debug_macro   0x00000000       0x20 ./src/board_sysinit.o
 .debug_macro   0x00000000       0x28 ./src/board_sysinit.o
 .debug_line    0x00000000      0x4cd ./src/board_sysinit.o
 .debug_str     0x00000000    0x10e57 ./src/board_sysinit.o
 .comment       0x00000000       0x6f ./src/board_sysinit.o
 .debug_frame   0x00000000       0x8c ./src/board_sysinit.o
 .ARM.attributes
                0x00000000       0x33 ./src/board_sysinit.o
 .group         0x00000000        0x8 ./src/cr_startup_lpc175x_6x.o
 .text          0x00000000        0x0 ./src/cr_startup_lpc175x_6x.o
 .data          0x00000000        0x0 ./src/cr_startup_lpc175x_6x.o
 .bss           0x00000000        0x0 ./src/cr_startup_lpc175x_6x.o
 .debug_macro   0x00000000      0x886 ./src/cr_startup_lpc175x_6x.o
 .group         0x00000000        0x8 ./src/crp.o
 .group         0x00000000        0x8 ./src/crp.o
 .text          0x00000000        0x0 ./src/crp.o
 .data          0x00000000        0x0 ./src/crp.o
 .bss           0x00000000        0x0 ./src/crp.o
 .debug_macro   0x00000000      0x886 ./src/crp.o
 .group         0x00000000        0x8 ./src/lpc_board_nxp_lpcxpresso_1769.o
 .group         0x00000000        0x8 ./src/lpc_board_nxp_lpcxpresso_1769.o
 .text          0x00000000        0x0 ./src/lpc_board_nxp_lpcxpresso_1769.o
 .data          0x00000000        0x0 ./src/lpc_board_nxp_lpcxpresso_1769.o
 .bss           0x00000000        0x0 ./src/lpc_board_nxp_lpcxpresso_1769.o
 .debug_macro   0x00000000      0x886 ./src/lpc_board_nxp_lpcxpresso_1769.o
 .group         0x00000000        0x8 ./src/lpc_phy_smsc87x0.o
 .group         0x00000000        0x8 ./src/lpc_phy_smsc87x0.o
 .group         0x00000000        0x8 ./src/lpc_phy_smsc87x0.o
 .group         0x00000000        0x8 ./src/lpc_phy_smsc87x0.o
 .group         0x00000000        0x8 ./src/lpc_phy_smsc87x0.o
 .group         0x00000000        0x8 ./src/lpc_phy_smsc87x0.o
 .group         0x00000000        0x8 ./src/lpc_phy_smsc87x0.o
 .group         0x00000000        0x8 ./src/lpc_phy_smsc87x0.o
 .group         0x00000000        0x8 ./src/lpc_phy_smsc87x0.o
 .group         0x00000000        0x8 ./src/lpc_phy_smsc87x0.o
 .group         0x00000000        0x8 ./src/lpc_phy_smsc87x0.o
 .group         0x00000000        0x8 ./src/lpc_phy_smsc87x0.o
 .group         0x00000000        0x8 ./src/lpc_phy_smsc87x0.o
 .group         0x00000000        0x8 ./src/lpc_phy_smsc87x0.o
 .group         0x00000000        0x8 ./src/lpc_phy_smsc87x0.o
 .group         0x00000000        0x8 ./src/lpc_phy_smsc87x0.o
 .group         0x00000000        0x8 ./src/lpc_phy_smsc87x0.o
 .group         0x00000000        0x8 ./src/lpc_phy_smsc87x0.o
 .group         0x00000000        0x8 ./src/lpc_phy_smsc87x0.o
 .group         0x00000000        0x8 ./src/lpc_phy_smsc87x0.o
 .group         0x00000000        0x8 ./src/lpc_phy_smsc87x0.o
 .group         0x00000000        0x8 ./src/lpc_phy_smsc87x0.o
 .group         0x00000000        0x8 ./src/lpc_phy_smsc87x0.o
 .group         0x00000000        0x8 ./src/lpc_phy_smsc87x0.o
 .group         0x00000000        0x8 ./src/lpc_phy_smsc87x0.o
 .group         0x00000000        0x8 ./src/lpc_phy_smsc87x0.o
 .group         0x00000000        0x8 ./src/lpc_phy_smsc87x0.o
 .group         0x00000000        0x8 ./src/lpc_phy_smsc87x0.o
 .group         0x00000000        0x8 ./src/lpc_phy_smsc87x0.o
 .group         0x00000000        0x8 ./src/lpc_phy_smsc87x0.o
 .group         0x00000000        0x8 ./src/lpc_phy_smsc87x0.o
 .group         0x00000000        0x8 ./src/lpc_phy_smsc87x0.o
 .group         0x00000000        0x8 ./src/lpc_phy_smsc87x0.o
 .group         0x00000000        0x8 ./src/lpc_phy_smsc87x0.o
 .group         0x00000000        0x8 ./src/lpc_phy_smsc87x0.o
 .group         0x00000000        0x8 ./src/lpc_phy_smsc87x0.o
 .group         0x00000000        0x8 ./src/lpc_phy_smsc87x0.o
 .group         0x00000000        0x8 ./src/lpc_phy_smsc87x0.o
 .group         0x00000000        0x8 ./src/lpc_phy_smsc87x0.o
 .text          0x00000000        0x0 ./src/lpc_phy_smsc87x0.o
 .data          0x00000000        0x0 ./src/lpc_phy_smsc87x0.o
 .bss           0x00000000        0x0 ./src/lpc_phy_smsc87x0.o
 .text.Chip_ENET_IsMIIBusy
                0x00000000       0x24 ./src/lpc_phy_smsc87x0.o
 .bss.physts    0x00000000        0x4 ./src/lpc_phy_smsc87x0.o
 .bss.olddphysts
                0x00000000        0x4 ./src/lpc_phy_smsc87x0.o
 .bss.phyustate
                0x00000000        0x4 ./src/lpc_phy_smsc87x0.o
 .bss.pDelayMs  0x00000000        0x4 ./src/lpc_phy_smsc87x0.o
 .text.lpc_mii_write
                0x00000000       0x64 ./src/lpc_phy_smsc87x0.o
 .text.lpc_mii_read
                0x00000000       0x74 ./src/lpc_phy_smsc87x0.o
 .text.smsc_update_phy_sts
                0x00000000       0xe8 ./src/lpc_phy_smsc87x0.o
 .text.lpc_phy_init
                0x00000000       0xac ./src/lpc_phy_smsc87x0.o
 .text.lpcPHYStsPoll
                0x00000000       0xc8 ./src/lpc_phy_smsc87x0.o
 .bss.sts.7378  0x00000000        0x2 ./src/lpc_phy_smsc87x0.o
 .debug_info    0x00000000      0x6fa ./src/lpc_phy_smsc87x0.o
 .debug_abbrev  0x00000000      0x1b0 ./src/lpc_phy_smsc87x0.o
 .debug_aranges
                0x00000000       0x48 ./src/lpc_phy_smsc87x0.o
 .debug_ranges  0x00000000       0x38 ./src/lpc_phy_smsc87x0.o
 .debug_macro   0x00000000      0x2cb ./src/lpc_phy_smsc87x0.o
 .debug_macro   0x00000000      0x886 ./src/lpc_phy_smsc87x0.o
 .debug_macro   0x00000000       0x10 ./src/lpc_phy_smsc87x0.o
 .debug_macro   0x00000000      0x12d ./src/lpc_phy_smsc87x0.o
 .debug_macro   0x00000000      0x5b2 ./src/lpc_phy_smsc87x0.o
 .debug_macro   0x00000000       0x22 ./src/lpc_phy_smsc87x0.o
 .debug_macro   0x00000000       0x7b ./src/lpc_phy_smsc87x0.o
 .debug_macro   0x00000000       0x10 ./src/lpc_phy_smsc87x0.o
 .debug_macro   0x00000000       0x2d ./src/lpc_phy_smsc87x0.o
 .debug_macro   0x00000000       0x3a ./src/lpc_phy_smsc87x0.o
 .debug_macro   0x00000000       0x2d ./src/lpc_phy_smsc87x0.o
 .debug_macro   0x00000000      0xbb1 ./src/lpc_phy_smsc87x0.o
 .debug_macro   0x00000000      0x22c ./src/lpc_phy_smsc87x0.o
 .debug_macro   0x00000000       0x42 ./src/lpc_phy_smsc87x0.o
 .debug_macro   0x00000000       0x52 ./src/lpc_phy_smsc87x0.o
 .debug_macro   0x00000000       0x78 ./src/lpc_phy_smsc87x0.o
 .debug_macro   0x00000000       0x82 ./src/lpc_phy_smsc87x0.o
 .debug_macro   0x00000000      0x48c ./src/lpc_phy_smsc87x0.o
 .debug_macro   0x00000000       0x34 ./src/lpc_phy_smsc87x0.o
 .debug_macro   0x00000000      0x4c5 ./src/lpc_phy_smsc87x0.o
 .debug_macro   0x00000000      0x1b7 ./src/lpc_phy_smsc87x0.o
 .debug_macro   0x00000000       0x10 ./src/lpc_phy_smsc87x0.o
 .debug_macro   0x00000000      0x21b ./src/lpc_phy_smsc87x0.o
 .debug_macro   0x00000000      0x1b9 ./src/lpc_phy_smsc87x0.o
 .debug_macro   0x00000000       0x40 ./src/lpc_phy_smsc87x0.o
 .debug_macro   0x00000000       0x22 ./src/lpc_phy_smsc87x0.o
 .debug_macro   0x00000000      0x162 ./src/lpc_phy_smsc87x0.o
 .debug_macro   0x00000000       0x94 ./src/lpc_phy_smsc87x0.o
 .debug_macro   0x00000000       0xb8 ./src/lpc_phy_smsc87x0.o
 .debug_macro   0x00000000       0x4c ./src/lpc_phy_smsc87x0.o
 .debug_macro   0x00000000       0x16 ./src/lpc_phy_smsc87x0.o
 .debug_macro   0x00000000      0x328 ./src/lpc_phy_smsc87x0.o
 .debug_macro   0x00000000       0x49 ./src/lpc_phy_smsc87x0.o
 .debug_macro   0x00000000       0x16 ./src/lpc_phy_smsc87x0.o
 .debug_macro   0x00000000       0xca ./src/lpc_phy_smsc87x0.o
 .debug_macro   0x00000000       0x18 ./src/lpc_phy_smsc87x0.o
 .debug_macro   0x00000000       0x76 ./src/lpc_phy_smsc87x0.o
 .debug_macro   0x00000000       0x9a ./src/lpc_phy_smsc87x0.o
 .debug_macro   0x00000000       0x20 ./src/lpc_phy_smsc87x0.o
 .debug_macro   0x00000000       0x28 ./src/lpc_phy_smsc87x0.o
 .debug_line    0x00000000      0x552 ./src/lpc_phy_smsc87x0.o
 .debug_str     0x00000000    0x11179 ./src/lpc_phy_smsc87x0.o
 .comment       0x00000000       0x6f ./src/lpc_phy_smsc87x0.o
 .debug_frame   0x00000000       0xec ./src/lpc_phy_smsc87x0.o
 .ARM.attributes
                0x00000000       0x33 ./src/lpc_phy_smsc87x0.o
 .text          0x00000000        0x0 d:/programfiles(x86)/nxp/lpcxpresso_8.2.2_650/lpcxpresso/tools/bin/../lib/gcc/arm-none-eabi/5.4.1/../../../../arm-none-eabi/lib/armv7-m\libcr_c.a(memcpy.o)
 .data          0x00000000        0x0 d:/programfiles(x86)/nxp/lpcxpresso_8.2.2_650/lpcxpresso/tools/bin/../lib/gcc/arm-none-eabi/5.4.1/../../../../arm-none-eabi/lib/armv7-m\libcr_c.a(memcpy.o)
 .bss           0x00000000        0x0 d:/programfiles(x86)/nxp/lpcxpresso_8.2.2_650/lpcxpresso/tools/bin/../lib/gcc/arm-none-eabi/5.4.1/../../../../arm-none-eabi/lib/armv7-m\libcr_c.a(memcpy.o)
 .text.memcpy   0x00000000        0x4 d:/programfiles(x86)/nxp/lpcxpresso_8.2.2_650/lpcxpresso/tools/bin/../lib/gcc/arm-none-eabi/5.4.1/../../../../arm-none-eabi/lib/armv7-m\libcr_c.a(memcpy.o)
 .comment       0x00000000       0x6f d:/programfiles(x86)/nxp/lpcxpresso_8.2.2_650/lpcxpresso/tools/bin/../lib/gcc/arm-none-eabi/5.4.1/../../../../arm-none-eabi/lib/armv7-m\libcr_c.a(memcpy.o)
 .ARM.attributes
                0x00000000       0x33 d:/programfiles(x86)/nxp/lpcxpresso_8.2.2_650/lpcxpresso/tools/bin/../lib/gcc/arm-none-eabi/5.4.1/../../../../arm-none-eabi/lib/armv7-m\libcr_c.a(memcpy.o)
 .text          0x00000000        0x0 d:/programfiles(x86)/nxp/lpcxpresso_8.2.2_650/lpcxpresso/tools/bin/../lib/gcc/arm-none-eabi/5.4.1/../../../../arm-none-eabi/lib/armv7-m\libcr_c.a(__weak__main.o)
 .data          0x00000000        0x0 d:/programfiles(x86)/nxp/lpcxpresso_8.2.2_650/lpcxpresso/tools/bin/../lib/gcc/arm-none-eabi/5.4.1/../../../../arm-none-eabi/lib/armv7-m\libcr_c.a(__weak__main.o)
 .bss           0x00000000        0x0 d:/programfiles(x86)/nxp/lpcxpresso_8.2.2_650/lpcxpresso/tools/bin/../lib/gcc/arm-none-eabi/5.4.1/../../../../arm-none-eabi/lib/armv7-m\libcr_c.a(__weak__main.o)
 .text          0x00000000        0x0 d:/programfiles(x86)/nxp/lpcxpresso_8.2.2_650/lpcxpresso/tools/bin/../lib/gcc/arm-none-eabi/5.4.1/armv7-m\libcr_eabihelpers.a(memcpy.o)
 .data          0x00000000        0x0 d:/programfiles(x86)/nxp/lpcxpresso_8.2.2_650/lpcxpresso/tools/bin/../lib/gcc/arm-none-eabi/5.4.1/armv7-m\libcr_eabihelpers.a(memcpy.o)
 .bss           0x00000000        0x0 d:/programfiles(x86)/nxp/lpcxpresso_8.2.2_650/lpcxpresso/tools/bin/../lib/gcc/arm-none-eabi/5.4.1/armv7-m\libcr_eabihelpers.a(memcpy.o)
 .text.__aeabi_memcpy
                0x00000000       0x34 d:/programfiles(x86)/nxp/lpcxpresso_8.2.2_650/lpcxpresso/tools/bin/../lib/gcc/arm-none-eabi/5.4.1/armv7-m\libcr_eabihelpers.a(memcpy.o)
 .text.__aeabi_memmove
                0x00000000       0x1c d:/programfiles(x86)/nxp/lpcxpresso_8.2.2_650/lpcxpresso/tools/bin/../lib/gcc/arm-none-eabi/5.4.1/armv7-m\libcr_eabihelpers.a(memcpy.o)
 .text.__aeabi_memset_lowlevel
                0x00000000       0x32 d:/programfiles(x86)/nxp/lpcxpresso_8.2.2_650/lpcxpresso/tools/bin/../lib/gcc/arm-none-eabi/5.4.1/armv7-m\libcr_eabihelpers.a(memcpy.o)
 .text.__aeabi_memclr
                0x00000000        0x8 d:/programfiles(x86)/nxp/lpcxpresso_8.2.2_650/lpcxpresso/tools/bin/../lib/gcc/arm-none-eabi/5.4.1/armv7-m\libcr_eabihelpers.a(memcpy.o)
 .text.__aeabi_memset
                0x00000000        0xa d:/programfiles(x86)/nxp/lpcxpresso_8.2.2_650/lpcxpresso/tools/bin/../lib/gcc/arm-none-eabi/5.4.1/armv7-m\libcr_eabihelpers.a(memcpy.o)
 .ARM.attributes
                0x00000000       0x21 d:/programfiles(x86)/nxp/lpcxpresso_8.2.2_650/lpcxpresso/tools/bin/../lib/gcc/arm-none-eabi/5.4.1/armv7-m\libcr_eabihelpers.a(memcpy.o)

Memory Configuration

Name             Origin             Length             Attributes
MFlash512        0x00000000         0x00080000         xr
RamLoc32         0x10000000         0x00008000         xrw
RamAHB32         0x2007c000         0x00008000         xrw
*default*        0x00000000         0xffffffff

Linker script and memory map

LOAD ./src/board.o
LOAD ./src/board_sysinit.o
LOAD ./src/cr_startup_lpc175x_6x.o
LOAD ./src/crp.o
LOAD ./src/lpc_board_nxp_lpcxpresso_1769.o
LOAD ./src/lpc_phy_smsc87x0.o
START GROUP
LOAD d:/programfiles(x86)/nxp/lpcxpresso_8.2.2_650/lpcxpresso/tools/bin/../lib/gcc/arm-none-eabi/5.4.1/../../../../arm-none-eabi/lib/armv7-m\libcr_c.a
LOAD d:/programfiles(x86)/nxp/lpcxpresso_8.2.2_650/lpcxpresso/tools/bin/../lib/gcc/arm-none-eabi/5.4.1/armv7-m\libcr_eabihelpers.a
END GROUP
                0x00000000                __base_MFlash512 = 0x0
                0x00000000                __base_Flash = 0x0
                0x00080000                __top_MFlash512 = 0x80000
                0x00080000                __top_Flash = 0x80000
                0x10000000                __base_RamLoc32 = 0x10000000
                0x10000000                __base_RAM = 0x10000000
                0x10008000                __top_RamLoc32 = 0x10008000
                0x10008000                __top_RAM = 0x10008000
                0x2007c000                __base_RamAHB32 = 0x2007c000
                0x2007c000                __base_RAM2 = 0x2007c000
                0x20084000                __top_RamAHB32 = 0x20084000
                0x20084000                __top_RAM2 = 0x20084000

.text           0x00000000      0x318
 FILL mask 0xff
                0x00000000                __vectors_start__ = ABSOLUTE (.)
 *(.isr_vector)
 .isr_vector    0x00000000       0xcc ./src/cr_startup_lpc175x_6x.o
                0x00000000                g_pfnVectors
                0x000000cc                . = ALIGN (0x4)
                0x000000cc                __section_table_start = .
                0x000000cc                __data_section_table = .
                0x000000cc        0x4 LONG 0x318 LOADADDR (.data)
                0x000000d0        0x4 LONG 0x10000000 ADDR (.data)
                0x000000d4        0x4 LONG 0x0 SIZEOF (.data)
                0x000000d8        0x4 LONG 0x318 LOADADDR (.data_RAM2)
                0x000000dc        0x4 LONG 0x2007c000 ADDR (.data_RAM2)
                0x000000e0        0x4 LONG 0x0 SIZEOF (.data_RAM2)
                0x000000e4                __data_section_table_end = .
                0x000000e4                __bss_section_table = .
                0x000000e4        0x4 LONG 0x10000000 ADDR (.bss)
                0x000000e8        0x4 LONG 0x4 SIZEOF (.bss)
                0x000000ec        0x4 LONG 0x2007c000 ADDR (.bss_RAM2)
                0x000000f0        0x4 LONG 0x0 SIZEOF (.bss_RAM2)
                0x000000f4                __bss_section_table_end = .
                0x000000f4                __section_table_end = .
 *(.after_vectors*)
 .after_vectors
                0x000000f4      0x140 ./src/cr_startup_lpc175x_6x.o
                0x000000f4                data_init
                0x00000138                bss_init
                0x00000170                ResetISR
                0x000001e4                NMI_Handler
                0x000001ec                HardFault_Handler
                0x000001f4                MemManage_Handler
                0x000001fc                BusFault_Handler
                0x00000204                UsageFault_Handler
                0x0000020c                SVC_Handler
                0x00000214                DebugMon_Handler
                0x0000021c                PendSV_Handler
                0x00000224                SysTick_Handler
                0x0000022c                EINT3_IRQHandler
                0x0000022c                CANActivity_IRQHandler
                0x0000022c                TIMER3_IRQHandler
                0x0000022c                UART0_IRQHandler
                0x0000022c                UART1_IRQHandler
                0x0000022c                EINT2_IRQHandler
                0x0000022c                USBActivity_IRQHandler
                0x0000022c                IntDefaultHandler
                0x0000022c                PLL0_IRQHandler
                0x0000022c                I2C0_IRQHandler
                0x0000022c                I2C1_IRQHandler
                0x0000022c                SSP0_IRQHandler
                0x0000022c                I2S_IRQHandler
                0x0000022c                I2C2_IRQHandler
                0x0000022c                RTC_IRQHandler
                0x0000022c                TIMER0_IRQHandler
                0x0000022c                SPI_IRQHandler
                0x0000022c                RIT_IRQHandler
                0x0000022c                EINT1_IRQHandler
                0x0000022c                TIMER1_IRQHandler
                0x0000022c                UART2_IRQHandler
                0x0000022c                ADC_IRQHandler
                0x0000022c                SSP1_IRQHandler
                0x0000022c                USB_IRQHandler
                0x0000022c                BOD_IRQHandler
                0x0000022c                PLL1_IRQHandler
                0x0000022c                WDT_IRQHandler
                0x0000022c                PWM1_IRQHandler
                0x0000022c                QEI_IRQHandler
                0x0000022c                EINT0_IRQHandler
                0x0000022c                CAN_IRQHandler
                0x0000022c                DMA_IRQHandler
                0x0000022c                TIMER2_IRQHandler
                0x0000022c                UART3_IRQHandler
                0x0000022c                MCPWM_IRQHandler
                0x0000022c                ENET_IRQHandler
                0x000002fc                . = 0x2fc
 *fill*         0x00000234       0xc8 ff
                0x000002fc                PROVIDE (__CRP_WORD_START__, .)
 *(.crp)
 .crp           0x000002fc        0x4 ./src/crp.o
                0x000002fc                CRP_WORD
                0x00000300                PROVIDE (__CRP_WORD_END__, .)
                0x00000001                ASSERT (! ((__CRP_WORD_START__ == __CRP_WORD_END__)), Linker CRP Enabled, but no CRP_WORD provided within application)
 *(.text*)
 .text.main     0x00000300       0x14 ./src/lpc_board_nxp_lpcxpresso_1769.o
                0x00000300                main
 .text.__weak_main
                0x00000314        0x4 d:/programfiles(x86)/nxp/lpcxpresso_8.2.2_650/lpcxpresso/tools/bin/../lib/gcc/arm-none-eabi/5.4.1/../../../../arm-none-eabi/lib/armv7-m\libcr_c.a(__weak__main.o)
                0x00000314                __weak_main
                0x00000314                __main
 *(.rodata .rodata.* .constdata .constdata.*)
                0x00000318                . = ALIGN (0x4)

.glue_7         0x00000318        0x0
 .glue_7        0x00000318        0x0 linker stubs

.glue_7t        0x00000318        0x0
 .glue_7t       0x00000318        0x0 linker stubs

.vfp11_veneer   0x00000318        0x0
 .vfp11_veneer  0x00000318        0x0 linker stubs

.v4_bx          0x00000318        0x0
 .v4_bx         0x00000318        0x0 linker stubs

.iplt           0x00000318        0x0
 .iplt          0x00000318        0x0 ./src/board.o

.rel.dyn        0x00000318        0x0
 .rel.iplt      0x00000318        0x0 ./src/board.o

.ARM.extab
 *(.ARM.extab* .gnu.linkonce.armextab.*)
                0x00000318                __exidx_start = .

.ARM.exidx
 *(.ARM.exidx* .gnu.linkonce.armexidx.*)
                0x00000318                __exidx_end = .
                0x00000318                _etext = .

.data_RAM2      0x2007c000        0x0 load address 0x00000318
 FILL mask 0xff
                [!provide]                PROVIDE (__start_data_RAM2, .)
 *(.ramfunc.$RAM2)
 *(.ramfunc.$RamAHB32)
 *(.data.$RAM2*)
 *(.data.$RamAHB32*)
                0x2007c000                . = ALIGN (0x4)
                [!provide]                PROVIDE (__end_data_RAM2, .)

.uninit_RESERVED
                0x10000000        0x0
 *(.bss.$RESERVED*)
                0x10000000                . = ALIGN (0x4)
                0x10000000                _end_uninit_RESERVED = .

.data           0x10000000        0x0 load address 0x00000318
 FILL mask 0xff
                0x10000000                _data = .
 *(vtable)
 *(.ramfunc*)
 *(.data*)
                0x10000000                . = ALIGN (0x4)
                0x10000000                _edata = .

.igot.plt       0x10000000        0x0 load address 0x00000318
 .igot.plt      0x10000000        0x0 ./src/board.o

.bss_RAM2       0x2007c000        0x0
                [!provide]                PROVIDE (__start_bss_RAM2, .)
 *(.bss.$RAM2*)
 *(.bss.$RamAHB32*)
                0x2007c000                . = ALIGN ((. != 0x0)?0x4:0x1)
                [!provide]                PROVIDE (__end_bss_RAM2, .)

.bss            0x10000000        0x4
                0x10000000                _bss = .
 *(.bss*)
 .bss.i.3686    0x10000000        0x4 ./src/lpc_board_nxp_lpcxpresso_1769.o
 *(COMMON)
                0x10000004                . = ALIGN (0x4)
                0x10000004                _ebss = .
                [!provide]                PROVIDE (end, .)

.noinit_RAM2    0x2007c000        0x0
 *(.noinit.$RAM2*)
 *(.noinit.$RamAHB32*)
                0x2007c000                . = ALIGN (0x4)

.noinit         0x10000004        0x0
                0x10000004                _noinit = .
 *(.noinit*)
                0x10000004                . = ALIGN (0x4)
                0x10000004                _end_noinit = .
                [!provide]                PROVIDE (_pvHeapStart, DEFINED (__user_heap_base)?__user_heap_base:.)
                0x10008000                PROVIDE (_vStackTop, DEFINED (__user_stack_top)?__user_stack_top:(__top_RamLoc32 - 0x0))
                0xefff74c6                PROVIDE (__valid_user_code_checksum, (0x0 - ((((((_vStackTop + (ResetISR + 0x1)) + (NMI_Handler + 0x1)) + (HardFault_Handler + 0x1)) + (DEFINED (MemManage_Handler)?MemManage_Handler:0x0 + 0x1)) + (DEFINED (BusFault_Handler)?BusFault_Handler:0x0 + 0x1)) + (DEFINED (UsageFault_Handler)?UsageFault_Handler:0x0 + 0x1))))
OUTPUT(lpc_board_nxp_lpcxpresso_1769.axf elf32-littlearm)

.debug_info     0x00000000      0x2f1
 .debug_info    0x00000000      0x253 ./src/cr_startup_lpc175x_6x.o
 .debug_info    0x00000253       0x3f ./src/crp.o
 .debug_info    0x00000292       0x5f ./src/lpc_board_nxp_lpcxpresso_1769.o

.debug_abbrev   0x00000000      0x17f
 .debug_abbrev  0x00000000       0xf5 ./src/cr_startup_lpc175x_6x.o
 .debug_abbrev  0x000000f5       0x36 ./src/crp.o
 .debug_abbrev  0x0000012b       0x54 ./src/lpc_board_nxp_lpcxpresso_1769.o

.debug_aranges  0x00000000       0xb8
 .debug_aranges
                0x00000000       0x80 ./src/cr_startup_lpc175x_6x.o
 .debug_aranges
                0x00000080       0x18 ./src/crp.o
 .debug_aranges
                0x00000098       0x20 ./src/lpc_board_nxp_lpcxpresso_1769.o

.debug_ranges   0x00000000       0x80
 .debug_ranges  0x00000000       0x70 ./src/cr_startup_lpc175x_6x.o
 .debug_ranges  0x00000070       0x10 ./src/lpc_board_nxp_lpcxpresso_1769.o

.debug_macro    0x00000000      0x107
 .debug_macro   0x00000000       0x1d ./src/cr_startup_lpc175x_6x.o
 .debug_macro   0x0000001d       0x1a ./src/crp.o
 .debug_macro   0x00000037       0x34 ./src/crp.o
 .debug_macro   0x0000006b       0x1a ./src/lpc_board_nxp_lpcxpresso_1769.o
 .debug_macro   0x00000085       0x82 ./src/lpc_board_nxp_lpcxpresso_1769.o

.debug_line     0x00000000      0x225
 .debug_line    0x00000000       0xd4 ./src/cr_startup_lpc175x_6x.o
 .debug_line    0x000000d4       0x8a ./src/crp.o
 .debug_line    0x0000015e       0xc7 ./src/lpc_board_nxp_lpcxpresso_1769.o

.debug_str      0x00000000     0x2be7
 .debug_str     0x00000000     0x2689 ./src/cr_startup_lpc175x_6x.o
                               0x269c (size before relaxing)
 .debug_str     0x00002689       0xe9 ./src/crp.o
                               0x25b4 (size before relaxing)
 .debug_str     0x00002772      0x475 ./src/lpc_board_nxp_lpcxpresso_1769.o
                               0x2933 (size before relaxing)

.comment        0x00000000       0xdc
 .comment       0x00000000       0x6e ./src/cr_startup_lpc175x_6x.o
                                 0x6f (size before relaxing)
 .comment       0x0000006e       0x6f ./src/crp.o
 .comment       0x0000006e       0x6f ./src/lpc_board_nxp_lpcxpresso_1769.o
 .comment       0x0000006e       0x6e d:/programfiles(x86)/nxp/lpcxpresso_8.2.2_650/lpcxpresso/tools/bin/../lib/gcc/arm-none-eabi/5.4.1/../../../../arm-none-eabi/lib/armv7-m\libcr_c.a(__weak__main.o)
                                 0x6f (size before relaxing)

.ARM.attributes
                0x00000000       0x31
 .ARM.attributes
                0x00000000       0x33 ./src/cr_startup_lpc175x_6x.o
 .ARM.attributes
                0x00000033       0x33 ./src/crp.o
 .ARM.attributes
                0x00000066       0x33 ./src/lpc_board_nxp_lpcxpresso_1769.o
 .ARM.attributes
                0x00000099       0x33 d:/programfiles(x86)/nxp/lpcxpresso_8.2.2_650/lpcxpresso/tools/bin/../lib/gcc/arm-none-eabi/5.4.1/../../../../arm-none-eabi/lib/armv7-m\libcr_c.a(__weak__main.o)

.debug_frame    0x00000000      0x198
 .debug_frame   0x00000000      0x170 ./src/cr_startup_lpc175x_6x.o
 .debug_frame   0x00000170       0x28 ./src/lpc_board_nxp_lpcxpresso_1769.o
