Archive member included to satisfy reference by file (symbol)

d:/programfiles(x86)/nxp/lpcxpresso_8.2.2_650/lpcxpresso/tools/bin/../lib/gcc/arm-none-eabi/5.4.1/../../../../arm-none-eabi/lib/armv7-m\libcr_c.a(memcpy.o)
                              ./src/ring_buffer.o (memcpy)
d:/programfiles(x86)/nxp/lpcxpresso_8.2.2_650/lpcxpresso/tools/bin/../lib/gcc/arm-none-eabi/5.4.1/../../../../arm-none-eabi/lib/armv7-m\libcr_c.a(__weak__main.o)
                              ./src/cr_startup_lpc175x_6x.o (__main)
d:/programfiles(x86)/nxp/lpcxpresso_8.2.2_650/lpcxpresso/tools/bin/../lib/gcc/arm-none-eabi/5.4.1/armv7-m\libcr_eabihelpers.a(division_64.o)
                              ./src/i2s_17xx_40xx.o (__aeabi_uldivmod)
d:/programfiles(x86)/nxp/lpcxpresso_8.2.2_650/lpcxpresso/tools/bin/../lib/gcc/arm-none-eabi/5.4.1/armv7-m\libcr_eabihelpers.a(division_idiv0.o)
                              d:/programfiles(x86)/nxp/lpcxpresso_8.2.2_650/lpcxpresso/tools/bin/../lib/gcc/arm-none-eabi/5.4.1/armv7-m\libcr_eabihelpers.a(division_64.o) (__aeabi_idiv0)
d:/programfiles(x86)/nxp/lpcxpresso_8.2.2_650/lpcxpresso/tools/bin/../lib/gcc/arm-none-eabi/5.4.1/armv7-m\libcr_eabihelpers.a(memcpy.o)
                              d:/programfiles(x86)/nxp/lpcxpresso_8.2.2_650/lpcxpresso/tools/bin/../lib/gcc/arm-none-eabi/5.4.1/../../../../arm-none-eabi/lib/armv7-m\libcr_c.a(memcpy.o) (__aeabi_memcpy)

Discarded input sections

 .group         0x00000000        0x8 ./src/adc_17xx_40xx.o
 .group         0x00000000        0x8 ./src/adc_17xx_40xx.o
 .group         0x00000000        0x8 ./src/adc_17xx_40xx.o
 .group         0x00000000        0x8 ./src/adc_17xx_40xx.o
 .group         0x00000000        0x8 ./src/adc_17xx_40xx.o
 .group         0x00000000        0x8 ./src/adc_17xx_40xx.o
 .group         0x00000000        0x8 ./src/adc_17xx_40xx.o
 .group         0x00000000        0x8 ./src/adc_17xx_40xx.o
 .group         0x00000000        0x8 ./src/adc_17xx_40xx.o
 .group         0x00000000        0x8 ./src/adc_17xx_40xx.o
 .group         0x00000000        0x8 ./src/adc_17xx_40xx.o
 .group         0x00000000        0x8 ./src/adc_17xx_40xx.o
 .group         0x00000000        0x8 ./src/adc_17xx_40xx.o
 .group         0x00000000        0x8 ./src/adc_17xx_40xx.o
 .group         0x00000000        0x8 ./src/adc_17xx_40xx.o
 .group         0x00000000        0x8 ./src/adc_17xx_40xx.o
 .group         0x00000000        0x8 ./src/adc_17xx_40xx.o
 .group         0x00000000        0x8 ./src/adc_17xx_40xx.o
 .group         0x00000000        0x8 ./src/adc_17xx_40xx.o
 .group         0x00000000        0x8 ./src/adc_17xx_40xx.o
 .group         0x00000000        0x8 ./src/adc_17xx_40xx.o
 .group         0x00000000        0x8 ./src/adc_17xx_40xx.o
 .group         0x00000000        0x8 ./src/adc_17xx_40xx.o
 .group         0x00000000        0x8 ./src/adc_17xx_40xx.o
 .group         0x00000000        0x8 ./src/adc_17xx_40xx.o
 .group         0x00000000        0x8 ./src/adc_17xx_40xx.o
 .group         0x00000000        0x8 ./src/adc_17xx_40xx.o
 .group         0x00000000        0x8 ./src/adc_17xx_40xx.o
 .group         0x00000000        0x8 ./src/adc_17xx_40xx.o
 .group         0x00000000        0x8 ./src/adc_17xx_40xx.o
 .group         0x00000000        0x8 ./src/adc_17xx_40xx.o
 .group         0x00000000        0x8 ./src/adc_17xx_40xx.o
 .group         0x00000000        0x8 ./src/adc_17xx_40xx.o
 .group         0x00000000        0x8 ./src/adc_17xx_40xx.o
 .group         0x00000000        0x8 ./src/adc_17xx_40xx.o
 .text          0x00000000        0x0 ./src/adc_17xx_40xx.o
 .data          0x00000000        0x0 ./src/adc_17xx_40xx.o
 .bss           0x00000000        0x0 ./src/adc_17xx_40xx.o
 .text.getFullConvClk
                0x00000000       0x10 ./src/adc_17xx_40xx.o
 .text.getClkDiv
                0x00000000       0x4c ./src/adc_17xx_40xx.o
 .text.setStartMode
                0x00000000       0x2c ./src/adc_17xx_40xx.o
 .text.readAdcVal
                0x00000000       0x40 ./src/adc_17xx_40xx.o
 .text.Chip_ADC_Init
                0x00000000       0x74 ./src/adc_17xx_40xx.o
 .text.Chip_ADC_DeInit
                0x00000000       0x24 ./src/adc_17xx_40xx.o
 .text.Chip_ADC_ReadValue
                0x00000000       0x24 ./src/adc_17xx_40xx.o
 .text.Chip_ADC_ReadStatus
                0x00000000       0x78 ./src/adc_17xx_40xx.o
 .text.Chip_ADC_Int_SetChannelCmd
                0x00000000       0x48 ./src/adc_17xx_40xx.o
 .text.Chip_ADC_SetStartMode
                0x00000000       0x50 ./src/adc_17xx_40xx.o
 .text.Chip_ADC_SetSampleRate
                0x00000000       0x50 ./src/adc_17xx_40xx.o
 .text.Chip_ADC_EnableChannel
                0x00000000       0x54 ./src/adc_17xx_40xx.o
 .text.Chip_ADC_SetBurstCmd
                0x00000000       0x3c ./src/adc_17xx_40xx.o
 .text.Chip_ADC_ReadByte
                0x00000000       0x34 ./src/adc_17xx_40xx.o
 .debug_info    0x00000000      0x88d ./src/adc_17xx_40xx.o
[...]
Memory Configuration

Name             Origin             Length             Attributes
MFlash512        0x00000000         0x00080000         xr
RamLoc32         0x10000000         0x00008000         xrw
RamAHB32         0x2007c000         0x00008000         xrw
*default*        0x00000000         0xffffffff

Linker script and memory map

LOAD ./src/adc_17xx_40xx.o
LOAD ./src/can_17xx_40xx.o
LOAD ./src/chip_17xx_40xx.o
LOAD ./src/clock_17xx_40xx.o
LOAD ./src/cmp_17xx_40xx.o
LOAD ./src/cr_startup_lpc175x_6x.o
LOAD ./src/crc_17xx_40xx.o
LOAD ./src/crp.o
LOAD ./src/dac_17xx_40xx.o
LOAD ./src/eeprom_17xx_40xx.o
LOAD ./src/emc_17xx_40xx.o
LOAD ./src/enet_17xx_40xx.o
LOAD ./src/gpdma_17xx_40xx.o
LOAD ./src/gpio_17xx_40xx.o
LOAD ./src/gpioint_17xx_40xx.o
LOAD ./src/i2c_17xx_40xx.o
LOAD ./src/i2s_17xx_40xx.o
LOAD ./src/iap.o
LOAD ./src/iocon_17xx_40xx.o
LOAD ./src/lcd_17xx_40xx.o
LOAD ./src/lpc_chip_175x_6x.o
LOAD ./src/pmu_17xx_40xx.o
LOAD ./src/ring_buffer.o
LOAD ./src/ritimer_17xx_40xx.o
LOAD ./src/rtc_17xx_40xx.o
LOAD ./src/sdc_17xx_40xx.o
LOAD ./src/sdmmc_17xx_40xx.o
LOAD ./src/spi_17xx_40xx.o
LOAD ./src/ssp_17xx_40xx.o
LOAD ./src/stopwatch_17xx_40xx.o
LOAD ./src/sysctl_17xx_40xx.o
LOAD ./src/sysinit_17xx_40xx.o
LOAD ./src/timer_17xx_40xx.o
LOAD ./src/uart_17xx_40xx.o
LOAD ./src/wwdt_17xx_40xx.o
START GROUP
LOAD d:/programfiles(x86)/nxp/lpcxpresso_8.2.2_650/lpcxpresso/tools/bin/../lib/gcc/arm-none-eabi/5.4.1/../../../../arm-none-eabi/lib/armv7-m\libcr_c.a
LOAD d:/programfiles(x86)/nxp/lpcxpresso_8.2.2_650/lpcxpresso/tools/bin/../lib/gcc/arm-none-eabi/5.4.1/armv7-m\libcr_eabihelpers.a
END GROUP
                0x00000000                __base_MFlash512 = 0x0
                0x00000000                __base_Flash = 0x0
                0x00080000                __top_MFlash512 = 0x80000
                0x00080000                __top_Flash = 0x80000
                0x10000000                __base_RamLoc32 = 0x10000000
                0x10000000                __base_RAM = 0x10000000
                0x10008000                __top_RamLoc32 = 0x10008000
                0x10008000                __top_RAM = 0x10008000
                0x2007c000                __base_RamAHB32 = 0x2007c000
                0x2007c000                __base_RAM2 = 0x2007c000
                0x20084000                __top_RamAHB32 = 0x20084000
                0x20084000                __top_RAM2 = 0x20084000

.text           0x00000000      0x318
 FILL mask 0xff
                0x00000000                __vectors_start__ = ABSOLUTE (.)
 *(.isr_vector)
 .isr_vector    0x00000000       0xcc ./src/cr_startup_lpc175x_6x.o
                0x00000000                g_pfnVectors
                0x000000cc                . = ALIGN (0x4)
                0x000000cc                __section_table_start = .
                0x000000cc                __data_section_table = .
                0x000000cc        0x4 LONG 0x318 LOADADDR (.data)
                0x000000d0        0x4 LONG 0x10000000 ADDR (.data)
                0x000000d4        0x4 LONG 0x0 SIZEOF (.data)
                0x000000d8        0x4 LONG 0x318 LOADADDR (.data_RAM2)
                0x000000dc        0x4 LONG 0x2007c000 ADDR (.data_RAM2)
                0x000000e0        0x4 LONG 0x0 SIZEOF (.data_RAM2)
                0x000000e4                __data_section_table_end = .
                0x000000e4                __bss_section_table = .
                0x000000e4        0x4 LONG 0x10000000 ADDR (.bss)
                0x000000e8        0x4 LONG 0x4 SIZEOF (.bss)
                0x000000ec        0x4 LONG 0x2007c000 ADDR (.bss_RAM2)
                0x000000f0        0x4 LONG 0x0 SIZEOF (.bss_RAM2)
                0x000000f4                __bss_section_table_end = .
                0x000000f4                __section_table_end = .
 *(.after_vectors*)
 .after_vectors
                0x000000f4      0x140 ./src/cr_startup_lpc175x_6x.o
                0x000000f4                data_init
                0x00000138                bss_init
                0x00000170                ResetISR
                0x000001e4                NMI_Handler
                0x000001ec                HardFault_Handler
                0x000001f4                MemManage_Handler
                0x000001fc                BusFault_Handler
                0x00000204                UsageFault_Handler
                0x0000020c                SVC_Handler
                0x00000214                DebugMon_Handler
                0x0000021c                PendSV_Handler
                0x00000224                SysTick_Handler
                0x0000022c                EINT3_IRQHandler
                0x0000022c                CANActivity_IRQHandler
                0x0000022c                TIMER3_IRQHandler
                0x0000022c                UART0_IRQHandler
                0x0000022c                UART1_IRQHandler
                0x0000022c                EINT2_IRQHandler
                0x0000022c                USBActivity_IRQHandler
                0x0000022c                IntDefaultHandler
                0x0000022c                PLL0_IRQHandler
                0x0000022c                I2C0_IRQHandler
                0x0000022c                I2C1_IRQHandler
                0x0000022c                SSP0_IRQHandler
                0x0000022c                I2S_IRQHandler
                0x0000022c                I2C2_IRQHandler
                0x0000022c                RTC_IRQHandler
                0x0000022c                TIMER0_IRQHandler
                0x0000022c                SPI_IRQHandler
                0x0000022c                RIT_IRQHandler
                0x0000022c                EINT1_IRQHandler
                0x0000022c                TIMER1_IRQHandler
                0x0000022c                UART2_IRQHandler
                0x0000022c                ADC_IRQHandler
                0x0000022c                SSP1_IRQHandler
                0x0000022c                USB_IRQHandler
                0x0000022c                BOD_IRQHandler
                0x0000022c                PLL1_IRQHandler
                0x0000022c                WDT_IRQHandler
                0x0000022c                PWM1_IRQHandler
                0x0000022c                QEI_IRQHandler
                0x0000022c                EINT0_IRQHandler
                0x0000022c                CAN_IRQHandler
                0x0000022c                DMA_IRQHandler
                0x0000022c                TIMER2_IRQHandler
                0x0000022c                UART3_IRQHandler
                0x0000022c                MCPWM_IRQHandler
                0x0000022c                ENET_IRQHandler
                0x000002fc                . = 0x2fc
 *fill*         0x00000234       0xc8 ff
                0x000002fc                PROVIDE (__CRP_WORD_START__, .)
 *(.crp)
 .crp           0x000002fc        0x4 ./src/crp.o
                0x000002fc                CRP_WORD
                0x00000300                PROVIDE (__CRP_WORD_END__, .)
                0x00000001                ASSERT (! ((__CRP_WORD_START__ == __CRP_WORD_END__)), Linker CRP Enabled, but no CRP_WORD provided within application)
 *(.text*)
 .text.main     0x00000300       0x14 ./src/lpc_chip_175x_6x.o
                0x00000300                main
 .text.__weak_main
                0x00000314        0x4 d:/programfiles(x86)/nxp/lpcxpresso_8.2.2_650/lpcxpresso/tools/bin/../lib/gcc/arm-none-eabi/5.4.1/../../../../arm-none-eabi/lib/armv7-m\libcr_c.a(__weak__main.o)
                0x00000314                __weak_main
                0x00000314                __main
 *(.rodata .rodata.* .constdata .constdata.*)
                0x00000318                . = ALIGN (0x4)

.glue_7         0x00000318        0x0
 .glue_7        0x00000318        0x0 linker stubs

.glue_7t        0x00000318        0x0
 .glue_7t       0x00000318        0x0 linker stubs

.vfp11_veneer   0x00000318        0x0
 .vfp11_veneer  0x00000318        0x0 linker stubs

.v4_bx          0x00000318        0x0
 .v4_bx         0x00000318        0x0 linker stubs

.iplt           0x00000318        0x0
 .iplt          0x00000318        0x0 ./src/adc_17xx_40xx.o

.rel.dyn        0x00000318        0x0
 .rel.iplt      0x00000318        0x0 ./src/adc_17xx_40xx.o

.ARM.extab
 *(.ARM.extab* .gnu.linkonce.armextab.*)
                0x00000318                __exidx_start = .

.ARM.exidx
 *(.ARM.exidx* .gnu.linkonce.armexidx.*)
                0x00000318                __exidx_end = .
                0x00000318                _etext = .

.data_RAM2      0x2007c000        0x0 load address 0x00000318
 FILL mask 0xff
                [!provide]                PROVIDE (__start_data_RAM2, .)
 *(.ramfunc.$RAM2)
 *(.ramfunc.$RamAHB32)
 *(.data.$RAM2*)
 *(.data.$RamAHB32*)
                0x2007c000                . = ALIGN (0x4)
                [!provide]                PROVIDE (__end_data_RAM2, .)

.uninit_RESERVED
                0x10000000        0x0
 *(.bss.$RESERVED*)
                0x10000000                . = ALIGN (0x4)
                0x10000000                _end_uninit_RESERVED = .

.data           0x10000000        0x0 load address 0x00000318
 FILL mask 0xff
                0x10000000                _data = .
 *(vtable)
 *(.ramfunc*)
 *(.data*)
                0x10000000                . = ALIGN (0x4)
                0x10000000                _edata = .

.igot.plt       0x10000000        0x0 load address 0x00000318
 .igot.plt      0x10000000        0x0 ./src/adc_17xx_40xx.o

.bss_RAM2       0x2007c000        0x0
                [!provide]                PROVIDE (__start_bss_RAM2, .)
 *(.bss.$RAM2*)
 *(.bss.$RamAHB32*)
                0x2007c000                . = ALIGN ((. != 0x0)?0x4:0x1)
                [!provide]                PROVIDE (__end_bss_RAM2, .)

.bss            0x10000000        0x4
                0x10000000                _bss = .
 *(.bss*)
 .bss.i.3686    0x10000000        0x4 ./src/lpc_chip_175x_6x.o
 *(COMMON)
                0x10000004                . = ALIGN (0x4)
                0x10000004                _ebss = .
                [!provide]                PROVIDE (end, .)

.noinit_RAM2    0x2007c000        0x0
 *(.noinit.$RAM2*)
 *(.noinit.$RamAHB32*)
                0x2007c000                . = ALIGN (0x4)

.noinit         0x10000004        0x0
                0x10000004                _noinit = .
 *(.noinit*)
                0x10000004                . = ALIGN (0x4)
                0x10000004                _end_noinit = .
                [!provide]                PROVIDE (_pvHeapStart, DEFINED (__user_heap_base)?__user_heap_base:.)
                0x10008000                PROVIDE (_vStackTop, DEFINED (__user_stack_top)?__user_stack_top:(__top_RamLoc32 - 0x0))
                0xefff74c6                PROVIDE (__valid_user_code_checksum, (0x0 - ((((((_vStackTop + (ResetISR + 0x1)) + (NMI_Handler + 0x1)) + (HardFault_Handler + 0x1)) + (DEFINED (MemManage_Handler)?MemManage_Handler:0x0 + 0x1)) + (DEFINED (BusFault_Handler)?BusFault_Handler:0x0 + 0x1)) + (DEFINED (UsageFault_Handler)?UsageFault_Handler:0x0 + 0x1))))
OUTPUT(lpc_chip_175x_6x.axf elf32-littlearm)

.debug_info     0x00000000      0x2f1
 .debug_info    0x00000000      0x253 ./src/cr_startup_lpc175x_6x.o
 .debug_info    0x00000253       0x3f ./src/crp.o
 .debug_info    0x00000292       0x5f ./src/lpc_chip_175x_6x.o

.debug_abbrev   0x00000000      0x17f
 .debug_abbrev  0x00000000       0xf5 ./src/cr_startup_lpc175x_6x.o
 .debug_abbrev  0x000000f5       0x36 ./src/crp.o
 .debug_abbrev  0x0000012b       0x54 ./src/lpc_chip_175x_6x.o

.debug_aranges  0x00000000       0xb8
 .debug_aranges
                0x00000000       0x80 ./src/cr_startup_lpc175x_6x.o
 .debug_aranges
                0x00000080       0x18 ./src/crp.o
 .debug_aranges
                0x00000098       0x20 ./src/lpc_chip_175x_6x.o

.debug_ranges   0x00000000       0x80
 .debug_ranges  0x00000000       0x70 ./src/cr_startup_lpc175x_6x.o
 .debug_ranges  0x00000070       0x10 ./src/lpc_chip_175x_6x.o

.debug_macro    0x00000000      0x107
 .debug_macro   0x00000000       0x1d ./src/cr_startup_lpc175x_6x.o
 .debug_macro   0x0000001d       0x1a ./src/crp.o
 .debug_macro   0x00000037       0x34 ./src/crp.o
 .debug_macro   0x0000006b       0x1a ./src/lpc_chip_175x_6x.o
 .debug_macro   0x00000085       0x82 ./src/lpc_chip_175x_6x.o

.debug_line     0x00000000      0x218
 .debug_line    0x00000000       0xd4 ./src/cr_startup_lpc175x_6x.o
 .debug_line    0x000000d4       0x8a ./src/crp.o
 .debug_line    0x0000015e       0xba ./src/lpc_chip_175x_6x.o

.debug_str      0x00000000     0x2bcd
 .debug_str     0x00000000     0x267c ./src/cr_startup_lpc175x_6x.o
                               0x268f (size before relaxing)
 .debug_str     0x0000267c       0xe9 ./src/crp.o
                               0x25a7 (size before relaxing)
 .debug_str     0x00002765      0x468 ./src/lpc_chip_175x_6x.o
                               0x2919 (size before relaxing)

.comment        0x00000000       0xdc
 .comment       0x00000000       0x6e ./src/cr_startup_lpc175x_6x.o
                                 0x6f (size before relaxing)
 .comment       0x0000006e       0x6f ./src/crp.o
 .comment       0x0000006e       0x6f ./src/lpc_chip_175x_6x.o
 .comment       0x0000006e       0x6e d:/programfiles(x86)/nxp/lpcxpresso_8.2.2_650/lpcxpresso/tools/bin/../lib/gcc/arm-none-eabi/5.4.1/../../../../arm-none-eabi/lib/armv7-m\libcr_c.a(__weak__main.o)
                                 0x6f (size before relaxing)

.ARM.attributes
                0x00000000       0x31
 .ARM.attributes
                0x00000000       0x33 ./src/cr_startup_lpc175x_6x.o
 .ARM.attributes
                0x00000033       0x33 ./src/crp.o
 .ARM.attributes
                0x00000066       0x33 ./src/lpc_chip_175x_6x.o
 .ARM.attributes
                0x00000099       0x33 d:/programfiles(x86)/nxp/lpcxpresso_8.2.2_650/lpcxpresso/tools/bin/../lib/gcc/arm-none-eabi/5.4.1/../../../../arm-none-eabi/lib/armv7-m\libcr_c.a(__weak__main.o)

.debug_frame    0x00000000      0x198
 .debug_frame   0x00000000      0x170 ./src/cr_startup_lpc175x_6x.o
 .debug_frame   0x00000170       0x28 ./src/lpc_chip_175x_6x.o
