<html>
<body>
<pre>
<h1>礦ision Build Log</h1>
<h2>Project:</h2>
E:\学习\全动电子液晶测试程序\液晶模块配套资料整理\最新模块代码资料制作\串口模块\3.5inch_Arduino_ILI9481_IPS_V1.0\STM32 Demo_STM32F103RCT6\3.2寸ILI9481_320X480带触摸模块配套资料\USER\TOUCH.uvprojx
Project File Date:  12/23/2016

<h2>Output:</h2>
Build target 'Target 1'
linking...
Program Size: Code=17258 RO-data=8854 RW-data=136 ZI-data=1648  
FromELF: creating hex file...
"..\OBJ\TOUCH.axf" - 0 Error(s), 0 Warning(s).
</pre>
</body>
</html>
e=17258 RO-data=8854 RW-data=136 ZI-data=1648  
FromELF: creating hex file...
"..\OBJ\TOUCH.axf" - 0 Error(s), 1 Warning(s).
  
FromELF: creating hex file...
"..\OBJ\TOUCH.axf" - 0 Error(s), 1 Warning(s).
